// Jest Snapshot v1, https://goo.gl/fbAQLP

exports[`Rendering the PostList component Should render the PostList component correctly 1`] = `
<Fragment>
  <h3
    style={
      Object {
        "marginBottom": "1rem",
      }
    }
  >
    Mock Posts Title
  </h3>
  <div>
    <PostItem
      body="quia et suscipit
suscipit recusandae consequuntur expedita et cum
reprehenderit molestiae ut ut quas totam
nostrum rerum est autem sunt rem eveniet architecto"
      key="1"
      title="sunt aut facere repellat provident occaecati excepturi optio reprehenderit"
    />
    <PostItem
      body="est rerum tempore vitae
sequi sint nihil reprehenderit dolor beatae ea dolores neque
fugiat blanditiis voluptate porro vel nihil molestiae ut reiciendis
qui aperiam non debitis possimus qui neque nisi nulla"
      key="2"
      title="qui est esse"
    />
    <PostItem
      body="et iusto sed quo iure
voluptatem occaecati omnis eligendi aut ad
voluptatem doloribus vel accusantium quis pariatur
molestiae porro eius odio et labore et velit aut"
      key="3"
      title="ea molestias quasi exercitationem repellat qui ipsa sit aut"
    />
    <PostItem
      body="ullam et saepe reiciendis voluptatem adipisci
sit amet autem assumenda provident rerum culpa
quis hic commodi nesciunt rem tenetur doloremque ipsam iure
quis sunt voluptatem rerum illo velit"
      key="4"
      title="eum et est occaecati"
    />
    <PostItem
      body="repudiandae veniam quaerat sunt sed
alias aut fugiat sit autem sed est
voluptatem omnis possimus esse voluptatibus quis
est aut tenetur dolor neque"
      key="5"
      title="nesciunt quas odio"
    />
  </div>
</Fragment>
`;
